]0;~/Documents/programming/rProjects/bnb[?1034h[0;32mfreddydrennan@MNG-IT-M-099[0m:~/Documents/programming/rProjects/bnb[0;33m[0m$ [K[0;32mfreddydrennan@MNG-IT-M-099[0m:~/Documents/programming/rProjects/bnb[0;33m[0m$ echo "# scrape_bb"  >> README.md
]0;~/Documents/programming/rProjects/bnb[0;32mfreddydrennan@MNG-IT-M-099[0m:~/Documents/programming/rProjects/bnb[0;33m[0m$ git init
Initialized empty Git repository in /Users/freddydrennan/Documents/programming/rProjects/bnb/.git/
]0;~/Documents/programming/rProjects/bnb[0;32mfreddydrennan@MNG-IT-M-099[0m:~/Documents/programming/rProjects/bnb[0;33m[0m$ git add README.md
]0;~/Documents/programming/rProjects/bnb[0;32mfreddydrennan@MNG-IT-M-099[0m:~/Documents/programming/rProjects/bnb[0;33m[0m$ git commit -m "firs t commit"
[master (root-commit) a723753] first commit
 1 file changed, 1 insertion(+)
 create mode 100644 README.md
]0;~/Documents/programming/rProjects/bnb[0;32mfreddydrennan@MNG-IT-M-099[0m:~/Documents/programming/rProjects/bnb[0;33m (master)[0m$ git remote  add origin https://github.com/fdrennan/scrape_bb.git
]0;~/Documents/programming/rProjects/bnb[0;32mfreddydrennan@MNG-IT-M-099[0m:~/Documents/programming/rProjects/bnb[0;33m (master)[0m$ git push - u origin master
error: cannot run rpostback-askpass: No such file or directory
Username for 'https://github.com': ^X
error: cannot run rpostback-askpass: No such file or directory
Password for 'https://@github.com': 
]0;~/Documents/programming/rProjects/bnb[0;32mfreddydrennan@MNG-IT-M-099[0m:~/Documents/programming/rProjects/bnb[0;33m (master)[0m$ 
]0;~/Documents/programming/rProjects/bnb[0;32mfreddydrennan@MNG-IT-M-099[0m:~/Documents/programming/rProjects/bnb[0;33m (master)[0m$ echo "# sc rape_bb" >> README.md
]0;~/Documents/programming/rProjects/bnb[0;32mfreddydrennan@MNG-IT-M-099[0m:~/Documents/programming/rProjects/bnb[0;33m (master)[0m$ git init
Reinitialized existing Git repository in /Users/freddydrennan/Documents/programming/rProjects/bnb/.git/
]0;~/Documents/programming/rProjects/bnb[0;32mfreddydrennan@MNG-IT-M-099[0m:~/Documents/programming/rProjects/bnb[0;33m (master)[0m$ git add RE ADME.md
]0;~/Documents/programming/rProjects/bnb[0;32mfreddydrennan@MNG-IT-M-099[0m:~/Documents/programming/rProjects/bnb[0;33m (master)[0m$ git commit  -m "first commit"
[master f772b82] first commit
 1 file changed, 1 insertion(+)
]0;~/Documents/programming/rProjects/bnb[0;32mfreddydrennan@MNG-IT-M-099[0m:~/Documents/programming/rProjects/bnb[0;33m (master)[0m$ git remote  add origin git@github.com:fdrennan/scrape_bb.git
fatal: remote origin already exists.
]0;~/Documents/programming/rProjects/bnb[0;32mfreddydrennan@MNG-IT-M-099[0m:~/Documents/programming/rProjects/bnb[0;33m (master)[0m$ git push - u origin master
error: cannot run rpostback-askpass: No such file or directory
Username for 'https://github.com': ^C
]0;~/Documents/programming/rProjects/bnb[0;32mfreddydrennan@MNG-IT-M-099[0m:~/Documents/programming/rProjects/bnb[0;33m (master)[0m$ git remote  set-url origin git@github.com:fdrennan/scrape_bb.git
]0;~/Documents/programming/rProjects/bnb[0;32mfreddydrennan@MNG-IT-M-099[0m:~/Documents/programming/rProjects/bnb[0;33m (master)[0m$ git push o rigin mster
error: src refspec mster does not match any.
error: failed to push some refs to 'git@github.com:fdrennan/scrape_bb.git'
]0;~/Documents/programming/rProjects/bnb[0;32mfreddydrennan@MNG-IT-M-099[0m:~/Documents/programming/rProjects/bnb[0;33m (master)[0m$ echo "# sc rape_bb" >> README.md
]0;~/Documents/programming/rProjects/bnb[0;32mfreddydrennan@MNG-IT-M-099[0m:~/Documents/programming/rProjects/bnb[0;33m (master)[0m$ git init
Reinitialized existing Git repository in /Users/freddydrennan/Documents/programming/rProjects/bnb/.git/
]0;~/Documents/programming/rProjects/bnb[0;32mfreddydrennan@MNG-IT-M-099[0m:~/Documents/programming/rProjects/bnb[0;33m (master)[0m$ git add RE ADME.md
]0;~/Documents/programming/rProjects/bnb[0;32mfreddydrennan@MNG-IT-M-099[0m:~/Documents/programming/rProjects/bnb[0;33m (master)[0m$ git commit  -m "first commit"
[master 024477b] first commit
 1 file changed, 1 insertion(+)
]0;~/Documents/programming/rProjects/bnb[0;32mfreddydrennan@MNG-IT-M-099[0m:~/Documents/programming/rProjects/bnb[0;33m (master)[0m$ git remote  add origin git@github.com:fdrennan/scrape_bb.git
fatal: remote origin already exists.
]0;~/Documents/programming/rProjects/bnb[0;32mfreddydrennan@MNG-IT-M-099[0m:~/Documents/programming/rProjects/bnb[0;33m (master)[0m$ git push - u origin master
Counting objects: 9, done.
Delta compression using up to 4 threads.
Compressing objects:  33% (1/3)   Compressing objects:  66% (2/3)   Compressing objects: 100% (3/3)   Compressing objects: 100% (3/3), done.
Writing objects:  11% (1/9)   Writing objects:  22% (2/9)   Writing objects:  33% (3/9)   Writing objects:  44% (4/9)   Writing objects:  55% (5/9)   Writing objects:  66% (6/9)   Writing objects:  77% (7/9)   Writing objects:  88% (8/9)   Writing objects: 100% (9/9)   Writing objects: 100% (9/9), 683 bytes | 0 bytes/s, done.
Total 9 (delta 0), reused 0 (delta 0)
To github.com:fdrennan/scrape_bb.git
 * [new branch]      master -> master
Branch master set up to track remote branch master from origin.
]0;~/Documents/programming/rProjects/bnb[0;32mfreddydrennan@MNG-IT-M-099[0m:~/Documents/programming/rProjects/bnb[0;33m (master)[0m$ git add -- all